// Jest Snapshot v1, https://goo.gl/fbAQLP

exports[`Address snapshots: component renders with defaults 1`] = `
.emotion-0 {
  margin-bottom: 16px;
}

.emotion-0 span {
  display: block;
}

<div
  className="emotion-0"
>
  <span>
    Registered office address:
  </span>
  <span>
    272 Bath Street
  </span>
  <span>
    Glasgow, G2 4JR
  </span>
</div>
`;
