// Jest Snapshot v1, https://goo.gl/fbAQLP

exports[`Container snapshots: component renders with defaults 1`] = `
.emotion-0 {
  margin: 0 auto;
  max-width: 1080px;
  padding: 0 24px;
}

<div
  className="emotion-0"
>
  <p>
    A test child.
  </p>
  <span>
    Another test child.
  </span>
</div>
`;
